CREATE TABLE memos (
  id integer,
  title text,
  content text,
  tag text
);
CREATE INDEX pgroonga_index
          ON memos
       USING pgroonga (title, content, tag);
SELECT pgroonga_index_column_name('pgroonga_index', 'tag');
 pgroonga_index_column_name 
----------------------------
 Lexicon26648_2.index
(1 row)

DROP TABLE memos;
