SELECT pgroonga_index_column_name('pgroonga_index', 'invalid');
ERROR:  pgroonga: an invlid value was specified for column name: invalid
